main.c:53:5:main	8	static
main.c:74:6:idle_task	4	static
main.c:80:6:task1_handler	8	static
main.c:92:6:task2_handler	8	static
main.c:104:6:task3_handler	8	static
main.c:116:6:task4_handler	8	static
main.c:131:6:init_systick_timer	32	static
main.c:155:29:init_scheduler_stack	0	static,ignoring_inline_asm
main.c:166:6:init_tasks_stack	24	static
main.c:217:6:enable_processor_faults	16	static
main.c:227:10:get_psp_value	4	static
main.c:234:6:save_psp_value	16	static
main.c:240:6:update_next_task	16	static
main.c:260:29:switch_sp_to_psp	0	static,ignoring_inline_asm
main.c:277:6:schedule	16	static
main.c:288:6:task_delay	16	static,ignoring_inline_asm
main.c:305:29:PendSV_Handler	0	static,ignoring_inline_asm
main.c:345:6:update_global_tick_count	4	static
main.c:350:6:unblock_tasks	16	static
main.c:367:7:SysTick_Handler	16	static
main.c:381:6:HardFault_Handler	8	static
main.c:388:6:MemManage_Handler	8	static
main.c:394:6:BusFault_Handler	8	static
