02:43:51 **** Incremental Build of configuration Debug for project 14.5 SVC_Number excercise 2 ****
make -j8 all 
arm-none-eabi-gcc "../Src/main.c" -mcpu=cortex-m4 -std=gnu11 -g3 -DSTM32 -DSTM32F4 -DSTM32F407VGTx -DDEBUG -c -I../Inc -O0 -ffunction-sections -fdata-sections -Wall -fstack-usage -MMD -MP -MF"Src/main.d" -MT"Src/main.o" --specs=nano.specs -mfpu=fpv4-sp-d16 -mfloat-abi=hard -mthumb -o "Src/main.o"
../Src/main.c:12:4: warning: #warning "FPU is not initialized, but the project is compiling for an FPU. Please initialize the FPU before use." [-Wcpp]
   #warning "FPU is not initialized, but the project is compiling for an FPU. Please initialize the FPU before use."
    ^~~~~~~
arm-none-eabi-gcc -o "14.5 SVC_Number excercise 2.elf" @"objects.list"   -mcpu=cortex-m4 -T"E:\Desktop\ARM_Cortex\Embedded Systems Programming on ARM Cortex-M3M4 Processor\.LearnARM_CortexM4\14.5 SVC_Number excercise 2\STM32F407VGTX_FLASH.ld" --specs=nosys.specs -Wl,-Map="14.5 SVC_Number excercise 2.map" -Wl,--gc-sections -static --specs=nano.specs -mfpu=fpv4-sp-d16 -mfloat-abi=hard -mthumb -Wl,--start-group -lc -lm -Wl,--end-group
Finished building target: 14.5 SVC_Number excercise 2.elf
 
arm-none-eabi-objdump -h -S  14.5\ SVC_Number\ excercise\ 2.elf  > "14.5 SVC_Number excercise 2.list"
arm-none-eabi-objcopy  -O binary  14.5\ SVC_Number\ excercise\ 2.elf  "14.5 SVC_Number excercise 2.bin"
arm-none-eabi-size   14.5\ SVC_Number\ excercise\ 2.elf 
   text	   data	    bss	    dec	    hex	filename
   5592	    108	   1580	   7280	   1c70	14.5 SVC_Number excercise 2.elf
Finished building: default.size.stdout
 
Finished building: 14.5 SVC_Number excercise 2.bin
Finished building: 14.5 SVC_Number excercise 2.list
 
 

02:43:52 Build Finished. 0 errors, 1 warnings. (took 1s.110ms)

