02:43:54 **** Incremental Build of configuration Debug for project 14.3 SVC_Number ****
make -j8 all 
arm-none-eabi-gcc "../Src/main.c" -mcpu=cortex-m4 -std=gnu11 -g3 -DSTM32 -DSTM32F4 -DSTM32F407VGTx -DDEBUG -c -I../Inc -O0 -ffunction-sections -fdata-sections -Wall -fstack-usage -MMD -MP -MF"Src/main.d" -MT"Src/main.o" --specs=nano.specs -mfpu=fpv4-sp-d16 -mfloat-abi=hard -mthumb -o "Src/main.o"
../Src/main.c:14:4: warning: #warning "FPU is not initialized, but the project is compiling for an FPU. Please initialize the FPU before use." [-Wcpp]
   #warning "FPU is not initialized, but the project is compiling for an FPU. Please initialize the FPU before use."
    ^~~~~~~
arm-none-eabi-gcc -o "14.3 SVC_Number.elf" @"objects.list"   -mcpu=cortex-m4 -T"E:\Desktop\ARM_Cortex\Embedded Systems Programming on ARM Cortex-M3M4 Processor\.LearnARM_CortexM4\14.3 SVC_Number\STM32F407VGTX_FLASH.ld" --specs=nosys.specs -Wl,-Map="14.3 SVC_Number.map" -Wl,--gc-sections -static --specs=nano.specs -mfpu=fpv4-sp-d16 -mfloat-abi=hard -mthumb -Wl,--start-group -lc -lm -Wl,--end-group
Finished building target: 14.3 SVC_Number.elf
 
arm-none-eabi-objdump -h -S  14.3\ SVC_Number.elf  > "14.3 SVC_Number.list"
arm-none-eabi-objcopy  -O binary  14.3\ SVC_Number.elf  "14.3 SVC_Number.bin"
arm-none-eabi-size   14.3\ SVC_Number.elf 
   text	   data	    bss	    dec	    hex	filename
   5224	    108	   1580	   6912	   1b00	14.3 SVC_Number.elf
Finished building: default.size.stdout
 
Finished building: 14.3 SVC_Number.bin
 
Finished building: 14.3 SVC_Number.list
 
