01:58:18 **** Incremental Build of configuration Debug for project Az15.change_sp_to_psp ****
make -j8 all 
arm-none-eabi-size   Az15.change_sp_to_psp.elf 
   text	   data	    bss	    dec	    hex	filename
   3704	    108	   1588	   5400	   1518	Az15.change_sp_to_psp.elf
Finished building: default.size.stdout
 
01:58:26 **** Incremental Build of configuration Debug for project 12.exception_entry_exit ****
make -j8 all 
arm-none-eabi-size   12.exception_entry_exit.elf 
   text	   data	    bss	    dec	    hex	filename
   3604	    108	   1580	   5292	   14ac	12.exception_entry_exit.elf
Finished building: default.size.stdout
 
01:59:24 **** Incremental Build of configuration Debug for project 12.exception_entry_exit ****
make -j8 all 
arm-none-eabi-size   12.exception_entry_exit.elf 
   text	   data	    bss	    dec	    hex	filename
   3604	    108	   1580	   5292	   14ac	12.exception_entry_exit.elf
Finished building: default.size.stdout
 
